/* general settings */
body {
    margin: 10px;
    padding: 10px;
    background-color: black;
    color: rgba(255, 255, 255, 0.85);
    font-family: Arial, Helvetica, sans-serif;
    font-size: 20px;
}

/* (non-unique) identifiers: classes */
.class {

}

.light-mode {
    background-color: white;
    color: black;
}

/* (unique) identifiers: IDs */
#ID {

}